Archive member included to satisfy reference by file (symbol)

/mnt/sdk/esp8266/RTOS_SDK/workspace/project_template/build/bootloader/main/libmain.a(bootloader_start.o)
                              (call_start_cpu)
/mnt/sdk/esp8266/RTOS_SDK/workspace/project_template/build/bootloader/bootloader_support/libbootloader_support.a(bootloader_init.o)
                              /mnt/sdk/esp8266/RTOS_SDK/workspace/project_template/build/bootloader/main/libmain.a(bootloader_start.o) (bootloader_init)
/mnt/sdk/esp8266/RTOS_SDK/workspace/project_template/build/bootloader/bootloader_support/libbootloader_support.a(bootloader_utility.o)
                              /mnt/sdk/esp8266/RTOS_SDK/workspace/project_template/build/bootloader/main/libmain.a(bootloader_start.o) (bootloader_utility_load_partition_table)
/mnt/sdk/esp8266/RTOS_SDK/workspace/project_template/build/bootloader/bootloader_support/libbootloader_support.a(bootloader_flash.o)
                              /mnt/sdk/esp8266/RTOS_SDK/workspace/project_template/build/bootloader/bootloader_support/libbootloader_support.a(bootloader_utility.o) (bootloader_mmap)
/mnt/sdk/esp8266/RTOS_SDK/workspace/project_template/build/bootloader/bootloader_support/libbootloader_support.a(bootloader_common.o)
                              /mnt/sdk/esp8266/RTOS_SDK/workspace/project_template/build/bootloader/bootloader_support/libbootloader_support.a(bootloader_utility.o) (bootloader_common_ota_select_valid)
/mnt/sdk/esp8266/RTOS_SDK/workspace/project_template/build/bootloader/bootloader_support/libbootloader_support.a(flash_partitions.o)
                              /mnt/sdk/esp8266/RTOS_SDK/workspace/project_template/build/bootloader/bootloader_support/libbootloader_support.a(bootloader_utility.o) (esp_partition_table_basic_verify)
/mnt/sdk/esp8266/RTOS_SDK/workspace/project_template/build/bootloader/bootloader_support/libbootloader_support.a(esp_image_format.o)
                              /mnt/sdk/esp8266/RTOS_SDK/workspace/project_template/build/bootloader/bootloader_support/libbootloader_support.a(bootloader_utility.o) (esp_image_load)
/mnt/sdk/esp8266/RTOS_SDK/workspace/project_template/build/bootloader/spi_flash/libspi_flash.a(spi_flash.o)
                              /mnt/sdk/esp8266/RTOS_SDK/workspace/project_template/build/bootloader/bootloader_support/libbootloader_support.a(flash_partitions.o) (g_rom_flashchip)
/mnt/sdk/esp8266/RTOS_SDK/workspace/project_template/build/bootloader/spi_flash/libspi_flash.a(spi_flash_raw.o)
                              /mnt/sdk/esp8266/RTOS_SDK/workspace/project_template/build/bootloader/spi_flash/libspi_flash.a(spi_flash.o) (spi_flash_get_id_raw)
/mnt/sdk/esp8266/RTOS_SDK/workspace/project_template/build/bootloader/log/liblog.a(log.o)
                              /mnt/sdk/esp8266/RTOS_SDK/workspace/project_template/build/bootloader/bootloader_support/libbootloader_support.a(bootloader_common.o) (esp_log_early_timestamp)
/mnt/sdk/esp8266/RTOS_SDK/workspace/project_template/build/bootloader/esp8266/libesp8266.a(ets_printf.o)
                              /mnt/sdk/esp8266/RTOS_SDK/workspace/project_template/build/bootloader/log/liblog.a(log.o) (ets_vprintf)
/mnt/sdk/esp8266/RTOS_SDK/workspace/project_template/build/bootloader/util/libutil.a(crc.o)
                              /mnt/sdk/esp8266/RTOS_SDK/workspace/project_template/build/bootloader/bootloader_support/libbootloader_support.a(bootloader_common.o) (crc32_le)
/mnt/sdk/esp8266/RTOS_SDK/components/esp8266/lib/libcore.a(phy.o)
                              /mnt/sdk/esp8266/RTOS_SDK/workspace/project_template/build/bootloader/bootloader_support/libbootloader_support.a(bootloader_init.o) (phy_reg_default)
/mnt/sdk/esp8266/RTOS_SDK/components/esp8266/lib/libcore.a(uart.o)
                              /mnt/sdk/esp8266/RTOS_SDK/workspace/project_template/build/bootloader/bootloader_support/libbootloader_support.a(bootloader_init.o) (uart_div_modify)

Allocating common symbols
Common symbol       size              file

esp_image_spi_freq_t
                    0x4               /mnt/sdk/esp8266/RTOS_SDK/workspace/project_template/build/bootloader/main/libmain.a(bootloader_start.o)

Discarded input sections

 .text          0x00000000        0x0 /mnt/sdk/esp8266/RTOS_SDK/workspace/project_template/build/bootloader/main/libmain.a(bootloader_start.o)
 .data          0x00000000        0x0 /mnt/sdk/esp8266/RTOS_SDK/workspace/project_template/build/bootloader/main/libmain.a(bootloader_start.o)
 .bss           0x00000000        0x0 /mnt/sdk/esp8266/RTOS_SDK/workspace/project_template/build/bootloader/main/libmain.a(bootloader_start.o)
 .xt.lit        0x00000000       0x18 /mnt/sdk/esp8266/RTOS_SDK/workspace/project_template/build/bootloader/main/libmain.a(bootloader_start.o)
 .xt.prop       0x00000000       0xe4 /mnt/sdk/esp8266/RTOS_SDK/workspace/project_template/build/bootloader/main/libmain.a(bootloader_start.o)
 COMMON         0x00000000        0x4 /mnt/sdk/esp8266/RTOS_SDK/workspace/project_template/build/bootloader/main/libmain.a(bootloader_start.o)
 .text          0x00000000        0x0 /mnt/sdk/esp8266/RTOS_SDK/workspace/project_template/build/bootloader/bootloader_support/libbootloader_support.a(bootloader_init.o)
 .data          0x00000000        0x0 /mnt/sdk/esp8266/RTOS_SDK/workspace/project_template/build/bootloader/bootloader_support/libbootloader_support.a(bootloader_init.o)
 .bss           0x00000000        0x0 /mnt/sdk/esp8266/RTOS_SDK/workspace/project_template/build/bootloader/bootloader_support/libbootloader_support.a(bootloader_init.o)
 .xt.lit        0x00000000       0x28 /mnt/sdk/esp8266/RTOS_SDK/workspace/project_template/build/bootloader/bootloader_support/libbootloader_support.a(bootloader_init.o)
 .xt.prop       0x00000000      0x27c /mnt/sdk/esp8266/RTOS_SDK/workspace/project_template/build/bootloader/bootloader_support/libbootloader_support.a(bootloader_init.o)
 .text          0x00000000        0x0 /mnt/sdk/esp8266/RTOS_SDK/workspace/project_template/build/bootloader/bootloader_support/libbootloader_support.a(bootloader_utility.o)
 .data          0x00000000        0x0 /mnt/sdk/esp8266/RTOS_SDK/workspace/project_template/build/bootloader/bootloader_support/libbootloader_support.a(bootloader_utility.o)
 .bss           0x00000000        0x0 /mnt/sdk/esp8266/RTOS_SDK/workspace/project_template/build/bootloader/bootloader_support/libbootloader_support.a(bootloader_utility.o)
 .xt.lit        0x00000000       0x30 /mnt/sdk/esp8266/RTOS_SDK/workspace/project_template/build/bootloader/bootloader_support/libbootloader_support.a(bootloader_utility.o)
 .xt.prop       0x00000000      0x504 /mnt/sdk/esp8266/RTOS_SDK/workspace/project_template/build/bootloader/bootloader_support/libbootloader_support.a(bootloader_utility.o)
 .literal.bootloader_flash_write
                0x00000000       0x28 /mnt/sdk/esp8266/RTOS_SDK/workspace/project_template/build/bootloader/bootloader_support/libbootloader_support.a(bootloader_flash.o)
 .literal.bootloader_flash_erase_sector
                0x00000000        0x4 /mnt/sdk/esp8266/RTOS_SDK/workspace/project_template/build/bootloader/bootloader_support/libbootloader_support.a(bootloader_flash.o)
 .text          0x00000000        0x0 /mnt/sdk/esp8266/RTOS_SDK/workspace/project_template/build/bootloader/bootloader_support/libbootloader_support.a(bootloader_flash.o)
 .data          0x00000000        0x0 /mnt/sdk/esp8266/RTOS_SDK/workspace/project_template/build/bootloader/bootloader_support/libbootloader_support.a(bootloader_flash.o)
 .bss           0x00000000        0x0 /mnt/sdk/esp8266/RTOS_SDK/workspace/project_template/build/bootloader/bootloader_support/libbootloader_support.a(bootloader_flash.o)
 .text.bootloader_flash_write
                0x00000000       0x9d /mnt/sdk/esp8266/RTOS_SDK/workspace/project_template/build/bootloader/bootloader_support/libbootloader_support.a(bootloader_flash.o)
 .text.bootloader_flash_erase_sector
                0x00000000       0x15 /mnt/sdk/esp8266/RTOS_SDK/workspace/project_template/build/bootloader/bootloader_support/libbootloader_support.a(bootloader_flash.o)
 .xt.lit        0x00000000       0x30 /mnt/sdk/esp8266/RTOS_SDK/workspace/project_template/build/bootloader/bootloader_support/libbootloader_support.a(bootloader_flash.o)
 .xt.prop       0x00000000      0x204 /mnt/sdk/esp8266/RTOS_SDK/workspace/project_template/build/bootloader/bootloader_support/libbootloader_support.a(bootloader_flash.o)
 .literal.bootloader_common_check_long_hold_gpio
                0x00000000       0x58 /mnt/sdk/esp8266/RTOS_SDK/workspace/project_template/build/bootloader/bootloader_support/libbootloader_support.a(bootloader_common.o)
 .text          0x00000000        0x0 /mnt/sdk/esp8266/RTOS_SDK/workspace/project_template/build/bootloader/bootloader_support/libbootloader_support.a(bootloader_common.o)
 .data          0x00000000        0x0 /mnt/sdk/esp8266/RTOS_SDK/workspace/project_template/build/bootloader/bootloader_support/libbootloader_support.a(bootloader_common.o)
 .bss           0x00000000        0x0 /mnt/sdk/esp8266/RTOS_SDK/workspace/project_template/build/bootloader/bootloader_support/libbootloader_support.a(bootloader_common.o)
 .text.bootloader_common_check_long_hold_gpio
                0x00000000      0x24a /mnt/sdk/esp8266/RTOS_SDK/workspace/project_template/build/bootloader/bootloader_support/libbootloader_support.a(bootloader_common.o)
 .xt.lit        0x00000000       0x18 /mnt/sdk/esp8266/RTOS_SDK/workspace/project_template/build/bootloader/bootloader_support/libbootloader_support.a(bootloader_common.o)
 .xt.prop       0x00000000      0x420 /mnt/sdk/esp8266/RTOS_SDK/workspace/project_template/build/bootloader/bootloader_support/libbootloader_support.a(bootloader_common.o)
 .text          0x00000000        0x0 /mnt/sdk/esp8266/RTOS_SDK/workspace/project_template/build/bootloader/bootloader_support/libbootloader_support.a(flash_partitions.o)
 .data          0x00000000        0x0 /mnt/sdk/esp8266/RTOS_SDK/workspace/project_template/build/bootloader/bootloader_support/libbootloader_support.a(flash_partitions.o)
 .bss           0x00000000        0x0 /mnt/sdk/esp8266/RTOS_SDK/workspace/project_template/build/bootloader/bootloader_support/libbootloader_support.a(flash_partitions.o)
 .xt.lit        0x00000000        0x8 /mnt/sdk/esp8266/RTOS_SDK/workspace/project_template/build/bootloader/bootloader_support/libbootloader_support.a(flash_partitions.o)
 .xt.prop       0x00000000       0xfc /mnt/sdk/esp8266/RTOS_SDK/workspace/project_template/build/bootloader/bootloader_support/libbootloader_support.a(flash_partitions.o)
 .literal.esp_image_verify_bootloader
                0x00000000        0x8 /mnt/sdk/esp8266/RTOS_SDK/workspace/project_template/build/bootloader/bootloader_support/libbootloader_support.a(esp_image_format.o)
 .text          0x00000000        0x0 /mnt/sdk/esp8266/RTOS_SDK/workspace/project_template/build/bootloader/bootloader_support/libbootloader_support.a(esp_image_format.o)
 .data          0x00000000        0x0 /mnt/sdk/esp8266/RTOS_SDK/workspace/project_template/build/bootloader/bootloader_support/libbootloader_support.a(esp_image_format.o)
 .bss           0x00000000        0x0 /mnt/sdk/esp8266/RTOS_SDK/workspace/project_template/build/bootloader/bootloader_support/libbootloader_support.a(esp_image_format.o)
 .text.esp_image_verify_bootloader
                0x00000000       0x41 /mnt/sdk/esp8266/RTOS_SDK/workspace/project_template/build/bootloader/bootloader_support/libbootloader_support.a(esp_image_format.o)
 .xt.lit        0x00000000       0x40 /mnt/sdk/esp8266/RTOS_SDK/workspace/project_template/build/bootloader/bootloader_support/libbootloader_support.a(esp_image_format.o)
 .xt.prop       0x00000000      0x480 /mnt/sdk/esp8266/RTOS_SDK/workspace/project_template/build/bootloader/bootloader_support/libbootloader_support.a(esp_image_format.o)
 .literal.spi_flash_program
                0x00000000       0x20 /mnt/sdk/esp8266/RTOS_SDK/workspace/project_template/build/bootloader/spi_flash/libspi_flash.a(spi_flash.o)
 .literal.__spi_flash_write
                0x00000000        0x8 /mnt/sdk/esp8266/RTOS_SDK/workspace/project_template/build/bootloader/spi_flash/libspi_flash.a(spi_flash.o)
 .literal.__spi_flash_read
                0x00000000       0x10 /mnt/sdk/esp8266/RTOS_SDK/workspace/project_template/build/bootloader/spi_flash/libspi_flash.a(spi_flash.o)
 .literal.spi_flash_write_status
                0x00000000        0xc /mnt/sdk/esp8266/RTOS_SDK/workspace/project_template/build/bootloader/spi_flash/libspi_flash.a(spi_flash.o)
 .literal.spi_flash_check_wr_protect
                0x00000000       0x4c /mnt/sdk/esp8266/RTOS_SDK/workspace/project_template/build/bootloader/spi_flash/libspi_flash.a(spi_flash.o)
 .literal.spi_flash_erase_sector
                0x00000000       0x18 /mnt/sdk/esp8266/RTOS_SDK/workspace/project_template/build/bootloader/spi_flash/libspi_flash.a(spi_flash.o)
 .literal.spi_flash_read
                0x00000000       0x24 /mnt/sdk/esp8266/RTOS_SDK/workspace/project_template/build/bootloader/spi_flash/libspi_flash.a(spi_flash.o)
 .literal.spi_flash_write
                0x00000000       0x3c /mnt/sdk/esp8266/RTOS_SDK/workspace/project_template/build/bootloader/spi_flash/libspi_flash.a(spi_flash.o)
 .literal.spi_flash_erase_range
                0x00000000       0x10 /mnt/sdk/esp8266/RTOS_SDK/workspace/project_template/build/bootloader/spi_flash/libspi_flash.a(spi_flash.o)
 .literal.spi_flash_cache2phys
                0x00000000       0x14 /mnt/sdk/esp8266/RTOS_SDK/workspace/project_template/build/bootloader/spi_flash/libspi_flash.a(spi_flash.o)
 .literal.spi_flash_get_chip_size
                0x00000000        0x4 /mnt/sdk/esp8266/RTOS_SDK/workspace/project_template/build/bootloader/spi_flash/libspi_flash.a(spi_flash.o)
 .text          0x00000000        0x0 /mnt/sdk/esp8266/RTOS_SDK/workspace/project_template/build/bootloader/spi_flash/libspi_flash.a(spi_flash.o)
 .data          0x00000000        0x0 /mnt/sdk/esp8266/RTOS_SDK/workspace/project_template/build/bootloader/spi_flash/libspi_flash.a(spi_flash.o)
 .bss           0x00000000        0x0 /mnt/sdk/esp8266/RTOS_SDK/workspace/project_template/build/bootloader/spi_flash/libspi_flash.a(spi_flash.o)
 .text.spi_flash_program
                0x00000000       0xd3 /mnt/sdk/esp8266/RTOS_SDK/workspace/project_template/build/bootloader/spi_flash/libspi_flash.a(spi_flash.o)
 .text.__spi_flash_write
                0x00000000       0x23 /mnt/sdk/esp8266/RTOS_SDK/workspace/project_template/build/bootloader/spi_flash/libspi_flash.a(spi_flash.o)
 .text.__spi_flash_read
                0x00000000       0x35 /mnt/sdk/esp8266/RTOS_SDK/workspace/project_template/build/bootloader/spi_flash/libspi_flash.a(spi_flash.o)
 .text.spi_flash_write_status
                0x00000000       0x2a /mnt/sdk/esp8266/RTOS_SDK/workspace/project_template/build/bootloader/spi_flash/libspi_flash.a(spi_flash.o)
 .text.spi_flash_check_wr_protect
                0x00000000      0x161 /mnt/sdk/esp8266/RTOS_SDK/workspace/project_template/build/bootloader/spi_flash/libspi_flash.a(spi_flash.o)
 .text.spi_flash_erase_sector
                0x00000000       0x5a /mnt/sdk/esp8266/RTOS_SDK/workspace/project_template/build/bootloader/spi_flash/libspi_flash.a(spi_flash.o)
 .text.spi_flash_read
                0x00000000      0x10e /mnt/sdk/esp8266/RTOS_SDK/workspace/project_template/build/bootloader/spi_flash/libspi_flash.a(spi_flash.o)
 .text.spi_flash_write
                0x00000000      0x188 /mnt/sdk/esp8266/RTOS_SDK/workspace/project_template/build/bootloader/spi_flash/libspi_flash.a(spi_flash.o)
 .text.spi_flash_erase_range
                0x00000000       0x6f /mnt/sdk/esp8266/RTOS_SDK/workspace/project_template/build/bootloader/spi_flash/libspi_flash.a(spi_flash.o)
 .text.spi_flash_cache2phys
                0x00000000       0x48 /mnt/sdk/esp8266/RTOS_SDK/workspace/project_template/build/bootloader/spi_flash/libspi_flash.a(spi_flash.o)
 .text.spi_flash_get_chip_size
                0x00000000        0x7 /mnt/sdk/esp8266/RTOS_SDK/workspace/project_template/build/bootloader/spi_flash/libspi_flash.a(spi_flash.o)
 .xt.lit        0x00000000       0xd0 /mnt/sdk/esp8266/RTOS_SDK/workspace/project_template/build/bootloader/spi_flash/libspi_flash.a(spi_flash.o)
 .xt.prop       0x00000000      0xc0c /mnt/sdk/esp8266/RTOS_SDK/workspace/project_template/build/bootloader/spi_flash/libspi_flash.a(spi_flash.o)
 .literal.spi_flash_write_status_raw
                0x00000000       0x1c /mnt/sdk/esp8266/RTOS_SDK/workspace/project_template/build/bootloader/spi_flash/libspi_flash.a(spi_flash_raw.o)
 .literal.spi_flash_erase_sector_raw
                0x00000000       0x14 /mnt/sdk/esp8266/RTOS_SDK/workspace/project_template/build/bootloader/spi_flash/libspi_flash.a(spi_flash_raw.o)
 .literal.spi_flash_write_raw
                0x00000000        0xc /mnt/sdk/esp8266/RTOS_SDK/workspace/project_template/build/bootloader/spi_flash/libspi_flash.a(spi_flash_raw.o)
 .literal.spi_flash_read_raw
                0x00000000        0xc /mnt/sdk/esp8266/RTOS_SDK/workspace/project_template/build/bootloader/spi_flash/libspi_flash.a(spi_flash_raw.o)
 .text          0x00000000        0x0 /mnt/sdk/esp8266/RTOS_SDK/workspace/project_template/build/bootloader/spi_flash/libspi_flash.a(spi_flash_raw.o)
 .data          0x00000000        0x0 /mnt/sdk/esp8266/RTOS_SDK/workspace/project_template/build/bootloader/spi_flash/libspi_flash.a(spi_flash_raw.o)
 .bss           0x00000000        0x0 /mnt/sdk/esp8266/RTOS_SDK/workspace/project_template/build/bootloader/spi_flash/libspi_flash.a(spi_flash_raw.o)
 .text.spi_flash_write_status_raw
                0x00000000       0x5e /mnt/sdk/esp8266/RTOS_SDK/workspace/project_template/build/bootloader/spi_flash/libspi_flash.a(spi_flash_raw.o)
 .text.spi_flash_erase_sector_raw
                0x00000000       0x54 /mnt/sdk/esp8266/RTOS_SDK/workspace/project_template/build/bootloader/spi_flash/libspi_flash.a(spi_flash_raw.o)
 .text.spi_flash_write_raw
                0x00000000       0x43 /mnt/sdk/esp8266/RTOS_SDK/workspace/project_template/build/bootloader/spi_flash/libspi_flash.a(spi_flash_raw.o)
 .text.spi_flash_read_raw
                0x00000000       0x43 /mnt/sdk/esp8266/RTOS_SDK/workspace/project_template/build/bootloader/spi_flash/libspi_flash.a(spi_flash_raw.o)
 .xt.lit        0x00000000       0x58 /mnt/sdk/esp8266/RTOS_SDK/workspace/project_template/build/bootloader/spi_flash/libspi_flash.a(spi_flash_raw.o)
 .xt.prop       0x00000000      0x360 /mnt/sdk/esp8266/RTOS_SDK/workspace/project_template/build/bootloader/spi_flash/libspi_flash.a(spi_flash_raw.o)
 .text          0x00000000        0x0 /mnt/sdk/esp8266/RTOS_SDK/workspace/project_template/build/bootloader/log/liblog.a(log.o)
 .data          0x00000000        0x0 /mnt/sdk/esp8266/RTOS_SDK/workspace/project_template/build/bootloader/log/liblog.a(log.o)
 .bss           0x00000000        0x0 /mnt/sdk/esp8266/RTOS_SDK/workspace/project_template/build/bootloader/log/liblog.a(log.o)
 .xt.lit        0x00000000       0x10 /mnt/sdk/esp8266/RTOS_SDK/workspace/project_template/build/bootloader/log/liblog.a(log.o)
 .xt.prop       0x00000000       0xcc /mnt/sdk/esp8266/RTOS_SDK/workspace/project_template/build/bootloader/log/liblog.a(log.o)
 .text          0x00000000        0x0 /mnt/sdk/esp8266/RTOS_SDK/workspace/project_template/build/bootloader/esp8266/libesp8266.a(ets_printf.o)
 .data          0x00000000        0x0 /mnt/sdk/esp8266/RTOS_SDK/workspace/project_template/build/bootloader/esp8266/libesp8266.a(ets_printf.o)
 .bss           0x00000000        0x0 /mnt/sdk/esp8266/RTOS_SDK/workspace/project_template/build/bootloader/esp8266/libesp8266.a(ets_printf.o)
 .xt.lit        0x00000000       0x20 /mnt/sdk/esp8266/RTOS_SDK/workspace/project_template/build/bootloader/esp8266/libesp8266.a(ets_printf.o)
 .xt.prop       0x00000000       0xd8 /mnt/sdk/esp8266/RTOS_SDK/workspace/project_template/build/bootloader/esp8266/libesp8266.a(ets_printf.o)
 .literal.crc16_le
                0x00000000        0x4 /mnt/sdk/esp8266/RTOS_SDK/workspace/project_template/build/bootloader/util/libutil.a(crc.o)
 .literal.esp_crc8
                0x00000000        0x4 /mnt/sdk/esp8266/RTOS_SDK/workspace/project_template/build/bootloader/util/libutil.a(crc.o)
 .text          0x00000000        0x0 /mnt/sdk/esp8266/RTOS_SDK/workspace/project_template/build/bootloader/util/libutil.a(crc.o)
 .data          0x00000000        0x0 /mnt/sdk/esp8266/RTOS_SDK/workspace/project_template/build/bootloader/util/libutil.a(crc.o)
 .bss           0x00000000        0x0 /mnt/sdk/esp8266/RTOS_SDK/workspace/project_template/build/bootloader/util/libutil.a(crc.o)
 .text.crc16_le
                0x00000000       0x36 /mnt/sdk/esp8266/RTOS_SDK/workspace/project_template/build/bootloader/util/libutil.a(crc.o)
 .text.esp_crc8
                0x00000000       0x22 /mnt/sdk/esp8266/RTOS_SDK/workspace/project_template/build/bootloader/util/libutil.a(crc.o)
 .rodata.crc8_le_table
                0x00000000      0x100 /mnt/sdk/esp8266/RTOS_SDK/workspace/project_template/build/bootloader/util/libutil.a(crc.o)
 .rodata.crc16_le_table
                0x00000000      0x200 /mnt/sdk/esp8266/RTOS_SDK/workspace/project_template/build/bootloader/util/libutil.a(crc.o)
 .xt.lit        0x00000000       0x18 /mnt/sdk/esp8266/RTOS_SDK/workspace/project_template/build/bootloader/util/libutil.a(crc.o)
 .xt.prop       0x00000000       0xfc /mnt/sdk/esp8266/RTOS_SDK/workspace/project_template/build/bootloader/util/libutil.a(crc.o)
 .literal.phy_reg_default
                0x00000000        0x0 /mnt/sdk/esp8266/RTOS_SDK/components/esp8266/lib/libcore.a(phy.o)
 .text          0x00000000        0x0 /mnt/sdk/esp8266/RTOS_SDK/components/esp8266/lib/libcore.a(phy.o)
 .data          0x00000000        0x0 /mnt/sdk/esp8266/RTOS_SDK/components/esp8266/lib/libcore.a(phy.o)
 .bss           0x00000000        0x0 /mnt/sdk/esp8266/RTOS_SDK/components/esp8266/lib/libcore.a(phy.o)
 .xt.lit        0x00000000        0x8 /mnt/sdk/esp8266/RTOS_SDK/components/esp8266/lib/libcore.a(phy.o)
 .xt.prop       0x00000000       0x48 /mnt/sdk/esp8266/RTOS_SDK/components/esp8266/lib/libcore.a(phy.o)
 .literal.uart_buff_switch
                0x00000000        0x0 /mnt/sdk/esp8266/RTOS_SDK/components/esp8266/lib/libcore.a(uart.o)
 .literal.uart_div_modify
                0x00000000        0x0 /mnt/sdk/esp8266/RTOS_SDK/components/esp8266/lib/libcore.a(uart.o)
 .literal.Uart_Init
                0x00000000        0x0 /mnt/sdk/esp8266/RTOS_SDK/components/esp8266/lib/libcore.a(uart.o)
 .text          0x00000000        0x0 /mnt/sdk/esp8266/RTOS_SDK/components/esp8266/lib/libcore.a(uart.o)
 .data          0x00000000        0x0 /mnt/sdk/esp8266/RTOS_SDK/components/esp8266/lib/libcore.a(uart.o)
 .bss           0x00000000        0x0 /mnt/sdk/esp8266/RTOS_SDK/components/esp8266/lib/libcore.a(uart.o)
 .text.uart_buff_switch
                0x00000000        0x2 /mnt/sdk/esp8266/RTOS_SDK/components/esp8266/lib/libcore.a(uart.o)
 .text.Uart_Init
                0x00000000        0x2 /mnt/sdk/esp8266/RTOS_SDK/components/esp8266/lib/libcore.a(uart.o)
 .xt.lit        0x00000000        0x8 /mnt/sdk/esp8266/RTOS_SDK/components/esp8266/lib/libcore.a(uart.o)
 .xt.prop       0x00000000       0x78 /mnt/sdk/esp8266/RTOS_SDK/components/esp8266/lib/libcore.a(uart.o)

Memory Configuration

Name             Origin             Length             Attributes
dport0_seg       0x3ff00000         0x00000010
dram_seg         0x3ffe8000         0x00017c00
iram_seg         0x40100000         0x00008000
*default*        0x00000000         0xffffffff

Linker script and memory map

START GROUP
LOAD /mnt/sdk/esp8266/RTOS_SDK/workspace/project_template/build/bootloader/main/libmain.a
LOAD /mnt/sdk/esp8266/RTOS_SDK/components/esp8266/lib/libcore.a
LOAD /mnt/sdk/esp8266/RTOS_SDK/workspace/project_template/build/bootloader/bootloader_support/libbootloader_support.a
LOAD /mnt/sdk/esp8266/RTOS_SDK/workspace/project_template/build/bootloader/spi_flash/libspi_flash.a
LOAD /mnt/sdk/esp8266/RTOS_SDK/workspace/project_template/build/bootloader/log/liblog.a
LOAD /mnt/sdk/esp8266/RTOS_SDK/workspace/project_template/build/bootloader/esp8266/libesp8266.a
LOAD /mnt/sdk/esp8266/RTOS_SDK/workspace/project_template/build/bootloader/util/libutil.a
LOAD /mnt/sdk/esp8266/RTOS_SDK/components/esp8266/lib/libgcc.a
LOAD /mnt/sdk/esp8266/opt/xtensa-lx106-elf/bin/../lib/gcc/xtensa-lx106-elf/4.8.5/../../../../xtensa-lx106-elf/lib/libstdc++.a
LOAD /mnt/sdk/esp8266/opt/xtensa-lx106-elf/bin/../lib/gcc/xtensa-lx106-elf/4.8.5/libgcov.a
END GROUP

.text           0x40100000     0x1c3a
                0x40100000                _stext = .
                0x40100000                _text_start = ABSOLUTE (.)
                0x40100000                . = ALIGN (0x10)
 *(.entry.text)
 *(.init.literal)
 *(.init)
 *(.literal .text .literal.* .text.* .stub .gnu.warning .gnu.linkonce.literal.* .gnu.linkonce.t.*.literal .gnu.linkonce.t.*)
 .literal.selected_boot_partition
                0x40100000        0x0 /mnt/sdk/esp8266/RTOS_SDK/workspace/project_template/build/bootloader/main/libmain.a(bootloader_start.o)
                                  0x4 (size before relaxing)
 .literal.select_image
                0x40100000        0xc /mnt/sdk/esp8266/RTOS_SDK/workspace/project_template/build/bootloader/main/libmain.a(bootloader_start.o)
                                 0x1c (size before relaxing)
 .literal.call_start_cpu
                0x4010000c        0x0 /mnt/sdk/esp8266/RTOS_SDK/workspace/project_template/build/bootloader/main/libmain.a(bootloader_start.o)
                                  0xc (size before relaxing)
 .literal.print_flash_info
                0x4010000c       0x48 /mnt/sdk/esp8266/RTOS_SDK/workspace/project_template/build/bootloader/bootloader_support/libbootloader_support.a(bootloader_init.o)
                                 0x54 (size before relaxing)
 .literal.uart_console_configure
                0x40100054        0x0 /mnt/sdk/esp8266/RTOS_SDK/workspace/project_template/build/bootloader/bootloader_support/libbootloader_support.a(bootloader_init.o)
                                  0x4 (size before relaxing)
 .literal.update_flash_config
                0x40100054        0x4 /mnt/sdk/esp8266/RTOS_SDK/workspace/project_template/build/bootloader/bootloader_support/libbootloader_support.a(bootloader_init.o)
                                  0x8 (size before relaxing)
 .literal.bootloader_main
                0x40100058       0x10 /mnt/sdk/esp8266/RTOS_SDK/workspace/project_template/build/bootloader/bootloader_support/libbootloader_support.a(bootloader_init.o)
                                 0x34 (size before relaxing)
 .literal.bootloader_init
                0x40100068        0x8 /mnt/sdk/esp8266/RTOS_SDK/workspace/project_template/build/bootloader/bootloader_support/libbootloader_support.a(bootloader_init.o)
                                 0x10 (size before relaxing)
 .literal.log_invalid_app_partition
                0x40100070       0x14 /mnt/sdk/esp8266/RTOS_SDK/workspace/project_template/build/bootloader/bootloader_support/libbootloader_support.a(bootloader_utility.o)
                                 0x20 (size before relaxing)
 .literal.try_load_partition
                0x40100084        0x4 /mnt/sdk/esp8266/RTOS_SDK/workspace/project_template/build/bootloader/bootloader_support/libbootloader_support.a(bootloader_utility.o)
                                 0x10 (size before relaxing)
 .literal.bootloader_utility_load_partition_table
                0x40100088       0x48 /mnt/sdk/esp8266/RTOS_SDK/workspace/project_template/build/bootloader/bootloader_support/libbootloader_support.a(bootloader_utility.o)
                                 0x70 (size before relaxing)
 .literal.bootloader_utility_get_selected_boot_partition
                0x401000d0       0x1c /mnt/sdk/esp8266/RTOS_SDK/workspace/project_template/build/bootloader/bootloader_support/libbootloader_support.a(bootloader_utility.o)
                                 0x5c (size before relaxing)
 .literal.bootloader_utility_load_boot_image
                0x401000ec        0xc /mnt/sdk/esp8266/RTOS_SDK/workspace/project_template/build/bootloader/bootloader_support/libbootloader_support.a(bootloader_utility.o)
                                 0x40 (size before relaxing)
 .literal.bootloader_utility_load_image
                0x401000f8       0x14 /mnt/sdk/esp8266/RTOS_SDK/workspace/project_template/build/bootloader/bootloader_support/libbootloader_support.a(bootloader_utility.o)
                                 0x1c (size before relaxing)
 .literal.bootloader_flash_read_no_decrypt
                0x4010010c        0x4 /mnt/sdk/esp8266/RTOS_SDK/workspace/project_template/build/bootloader/bootloader_support/libbootloader_support.a(bootloader_flash.o)
 .literal.bootloader_mmap
                0x40100110       0x10 /mnt/sdk/esp8266/RTOS_SDK/workspace/project_template/build/bootloader/bootloader_support/libbootloader_support.a(bootloader_flash.o)
                                 0x28 (size before relaxing)
 .literal.bootloader_munmap
                0x40100120        0x0 /mnt/sdk/esp8266/RTOS_SDK/workspace/project_template/build/bootloader/bootloader_support/libbootloader_support.a(bootloader_flash.o)
                                  0x8 (size before relaxing)
 .literal.bootloader_flash_read
                0x40100120        0xc /mnt/sdk/esp8266/RTOS_SDK/workspace/project_template/build/bootloader/bootloader_support/libbootloader_support.a(bootloader_flash.o)
                                 0x20 (size before relaxing)
 .literal.bootloader_common_ota_select_crc
                0x4010012c        0x0 /mnt/sdk/esp8266/RTOS_SDK/workspace/project_template/build/bootloader/bootloader_support/libbootloader_support.a(bootloader_common.o)
                                  0x4 (size before relaxing)
 .literal.bootloader_common_ota_select_valid
                0x4010012c        0x0 /mnt/sdk/esp8266/RTOS_SDK/workspace/project_template/build/bootloader/bootloader_support/libbootloader_support.a(bootloader_common.o)
                                  0x4 (size before relaxing)
 .literal.esp_partition_table_basic_verify
                0x4010012c       0x1c /mnt/sdk/esp8266/RTOS_SDK/workspace/project_template/build/bootloader/bootloader_support/libbootloader_support.a(flash_partitions.o)
                                 0x2c (size before relaxing)
 .literal.should_map
                0x40100148        0x4 /mnt/sdk/esp8266/RTOS_SDK/workspace/project_template/build/bootloader/bootloader_support/libbootloader_support.a(esp_image_format.o)
                                  0x8 (size before relaxing)
 .literal.should_load
                0x4010014c        0x0 /mnt/sdk/esp8266/RTOS_SDK/workspace/project_template/build/bootloader/bootloader_support/libbootloader_support.a(esp_image_format.o)
                                  0x4 (size before relaxing)
 .literal.verify_image_header
                0x4010014c       0x14 /mnt/sdk/esp8266/RTOS_SDK/workspace/project_template/build/bootloader/bootloader_support/libbootloader_support.a(esp_image_format.o)
                                 0x20 (size before relaxing)
 .literal.process_segment_data
                0x40100160        0x8 /mnt/sdk/esp8266/RTOS_SDK/workspace/project_template/build/bootloader/bootloader_support/libbootloader_support.a(esp_image_format.o)
                                 0x14 (size before relaxing)
 .literal.verify_checksum
                0x40100168        0x8 /mnt/sdk/esp8266/RTOS_SDK/workspace/project_template/build/bootloader/bootloader_support/libbootloader_support.a(esp_image_format.o)
                                 0x1c (size before relaxing)
 .literal.process_segment
                0x40100170       0x18 /mnt/sdk/esp8266/RTOS_SDK/workspace/project_template/build/bootloader/bootloader_support/libbootloader_support.a(esp_image_format.o)
                                 0x40 (size before relaxing)
 .literal.esp_image_load
                0x40100188       0x14 /mnt/sdk/esp8266/RTOS_SDK/workspace/project_template/build/bootloader/bootloader_support/libbootloader_support.a(esp_image_format.o)
                                 0x44 (size before relaxing)
 .literal.spi_user_cmd
                0x4010019c        0x4 /mnt/sdk/esp8266/RTOS_SDK/workspace/project_template/build/bootloader/spi_flash/libspi_flash.a(spi_flash.o)
                                  0xc (size before relaxing)
 .literal.special_flash_read_status
                0x401001a0        0x0 /mnt/sdk/esp8266/RTOS_SDK/workspace/project_template/build/bootloader/spi_flash/libspi_flash.a(spi_flash.o)
                                  0x4 (size before relaxing)
 .literal.flash_gd25q32c_read_status
                0x401001a0        0x0 /mnt/sdk/esp8266/RTOS_SDK/workspace/project_template/build/bootloader/spi_flash/libspi_flash.a(spi_flash.o)
                                  0x4 (size before relaxing)
 .literal.special_flash_write_status
                0x401001a0        0x0 /mnt/sdk/esp8266/RTOS_SDK/workspace/project_template/build/bootloader/spi_flash/libspi_flash.a(spi_flash.o)
                                  0x8 (size before relaxing)
 .literal.spi_flash_enable_qio_bit6
                0x401001a0        0x0 /mnt/sdk/esp8266/RTOS_SDK/workspace/project_template/build/bootloader/spi_flash/libspi_flash.a(spi_flash.o)
                                  0x4 (size before relaxing)
 .literal.flash_gd25q32c_write_status
                0x401001a0        0x0 /mnt/sdk/esp8266/RTOS_SDK/workspace/project_template/build/bootloader/spi_flash/libspi_flash.a(spi_flash.o)
                                  0x4 (size before relaxing)
 .literal.flash_gd25q32c_enable_QIO_mode
                0x401001a0        0x0 /mnt/sdk/esp8266/RTOS_SDK/workspace/project_template/build/bootloader/spi_flash/libspi_flash.a(spi_flash.o)
                                  0xc (size before relaxing)
 .literal.en25q16x_read_sfdp
                0x401001a0        0x4 /mnt/sdk/esp8266/RTOS_SDK/workspace/project_template/build/bootloader/spi_flash/libspi_flash.a(spi_flash.o)
                                  0x8 (size before relaxing)
 .literal.spi_flash_get_id
                0x401001a4        0x0 /mnt/sdk/esp8266/RTOS_SDK/workspace/project_template/build/bootloader/spi_flash/libspi_flash.a(spi_flash.o)
                                  0xc (size before relaxing)
 .literal.spi_flash_read_status
                0x401001a4        0x0 /mnt/sdk/esp8266/RTOS_SDK/workspace/project_template/build/bootloader/spi_flash/libspi_flash.a(spi_flash.o)
                                  0xc (size before relaxing)
 .literal.spi_flash_issi_enable_QIO_mode
                0x401001a4        0x0 /mnt/sdk/esp8266/RTOS_SDK/workspace/project_template/build/bootloader/spi_flash/libspi_flash.a(spi_flash.o)
                                  0xc (size before relaxing)
 .literal.special_flash_set_mode
                0x401001a4        0x0 /mnt/sdk/esp8266/RTOS_SDK/workspace/project_template/build/bootloader/spi_flash/libspi_flash.a(spi_flash.o)
                                  0x8 (size before relaxing)
 .literal.en25q16x_write_volatile_status
                0x401001a4        0x0 /mnt/sdk/esp8266/RTOS_SDK/workspace/project_template/build/bootloader/spi_flash/libspi_flash.a(spi_flash.o)
                                 0x14 (size before relaxing)
 .literal.user_spi_flash_dio_to_qio_pre_init
                0x401001a4       0x10 /mnt/sdk/esp8266/RTOS_SDK/workspace/project_template/build/bootloader/spi_flash/libspi_flash.a(spi_flash.o)
                                 0x34 (size before relaxing)
 .literal.esp_spi_flash_init
                0x401001b4       0x20 /mnt/sdk/esp8266/RTOS_SDK/workspace/project_template/build/bootloader/spi_flash/libspi_flash.a(spi_flash.o)
                                 0x28 (size before relaxing)
 .literal.Cache_Read_Disable_2
                0x401001d4        0xc /mnt/sdk/esp8266/RTOS_SDK/workspace/project_template/build/bootloader/spi_flash/libspi_flash.a(spi_flash_raw.o)
                                 0x10 (size before relaxing)
 .literal.Cache_Read_Enable_2
                0x401001e0        0x4 /mnt/sdk/esp8266/RTOS_SDK/workspace/project_template/build/bootloader/spi_flash/libspi_flash.a(spi_flash_raw.o)
                                  0xc (size before relaxing)
 .literal.spi_flash_get_id_raw
                0x401001e4       0x10 /mnt/sdk/esp8266/RTOS_SDK/workspace/project_template/build/bootloader/spi_flash/libspi_flash.a(spi_flash_raw.o)
                                 0x1c (size before relaxing)
 .literal.spi_flash_read_status_raw
                0x401001f4        0x4 /mnt/sdk/esp8266/RTOS_SDK/workspace/project_template/build/bootloader/spi_flash/libspi_flash.a(spi_flash_raw.o)
                                  0xc (size before relaxing)
 .literal.spi_flash_enable_qmode_raw
                0x401001f8        0x4 /mnt/sdk/esp8266/RTOS_SDK/workspace/project_template/build/bootloader/spi_flash/libspi_flash.a(spi_flash_raw.o)
                                 0x10 (size before relaxing)
 .literal.spi_user_cmd_raw
                0x401001fc       0x64 /mnt/sdk/esp8266/RTOS_SDK/workspace/project_template/build/bootloader/spi_flash/libspi_flash.a(spi_flash_raw.o)
                                 0x8c (size before relaxing)
 .literal.spi_flash_switch_to_qio_raw
                0x40100260        0x8 /mnt/sdk/esp8266/RTOS_SDK/workspace/project_template/build/bootloader/spi_flash/libspi_flash.a(spi_flash_raw.o)
                                  0xc (size before relaxing)
 .literal.uart_putc
                0x40100268        0xc /mnt/sdk/esp8266/RTOS_SDK/workspace/project_template/build/bootloader/esp8266/libesp8266.a(ets_printf.o)
 .literal.ets_putc
                0x40100274        0x0 /mnt/sdk/esp8266/RTOS_SDK/workspace/project_template/build/bootloader/esp8266/libesp8266.a(ets_printf.o)
                                  0x8 (size before relaxing)
 .literal.ets_vprintf
                0x40100274        0x8 /mnt/sdk/esp8266/RTOS_SDK/workspace/project_template/build/bootloader/esp8266/libesp8266.a(ets_printf.o)
 .literal.ets_printf
                0x4010027c        0x0 /mnt/sdk/esp8266/RTOS_SDK/workspace/project_template/build/bootloader/esp8266/libesp8266.a(ets_printf.o)
                                  0x4 (size before relaxing)
 .literal.crc32_le
                0x4010027c        0x4 /mnt/sdk/esp8266/RTOS_SDK/workspace/project_template/build/bootloader/util/libutil.a(crc.o)
 .iram1.0.literal
                0x40100280        0xc /mnt/sdk/esp8266/RTOS_SDK/workspace/project_template/build/bootloader/log/liblog.a(log.o)
 .iram1.1.literal
                0x4010028c       0x18 /mnt/sdk/esp8266/RTOS_SDK/workspace/project_template/build/bootloader/log/liblog.a(log.o)
                                 0x30 (size before relaxing)
 .text.selected_boot_partition
                0x401002a4        0xf /mnt/sdk/esp8266/RTOS_SDK/workspace/project_template/build/bootloader/main/libmain.a(bootloader_start.o)
                                 0x13 (size before relaxing)
 *fill*         0x401002b3        0x1 
 .text.select_image
                0x401002b4       0x68 /mnt/sdk/esp8266/RTOS_SDK/workspace/project_template/build/bootloader/main/libmain.a(bootloader_start.o)
                                 0x70 (size before relaxing)
 .text.call_start_cpu
                0x4010031c       0x26 /mnt/sdk/esp8266/RTOS_SDK/workspace/project_template/build/bootloader/main/libmain.a(bootloader_start.o)
                                 0x2e (size before relaxing)
                0x4010031c                call_start_cpu
 *fill*         0x40100342        0x2 
 .text.print_flash_info
                0x40100344       0xce /mnt/sdk/esp8266/RTOS_SDK/workspace/project_template/build/bootloader/bootloader_support/libbootloader_support.a(bootloader_init.o)
                                 0xd2 (size before relaxing)
 *fill*         0x40100412        0x2 
 .text.uart_console_configure
                0x40100414       0x17 /mnt/sdk/esp8266/RTOS_SDK/workspace/project_template/build/bootloader/bootloader_support/libbootloader_support.a(bootloader_init.o)
 *fill*         0x4010042b        0x1 
 .text.update_flash_config
                0x4010042c       0x21 /mnt/sdk/esp8266/RTOS_SDK/workspace/project_template/build/bootloader/bootloader_support/libbootloader_support.a(bootloader_init.o)
                                 0x25 (size before relaxing)
 *fill*         0x4010044d        0x3 
 .text.bootloader_main
                0x40100450       0x63 /mnt/sdk/esp8266/RTOS_SDK/workspace/project_template/build/bootloader/bootloader_support/libbootloader_support.a(bootloader_init.o)
                                 0x77 (size before relaxing)
 *fill*         0x401004b3        0x1 
 .text.bootloader_init
                0x401004b4       0x2e /mnt/sdk/esp8266/RTOS_SDK/workspace/project_template/build/bootloader/bootloader_support/libbootloader_support.a(bootloader_init.o)
                0x401004b4                bootloader_init
 *fill*         0x401004e2        0x2 
 .text.log_invalid_app_partition
                0x401004e4       0x50 /mnt/sdk/esp8266/RTOS_SDK/workspace/project_template/build/bootloader/bootloader_support/libbootloader_support.a(bootloader_utility.o)
 .text.try_load_partition
                0x40100534       0x3d /mnt/sdk/esp8266/RTOS_SDK/workspace/project_template/build/bootloader/bootloader_support/libbootloader_support.a(bootloader_utility.o)
                                 0x41 (size before relaxing)
 *fill*         0x40100571        0x3 
 .text.bootloader_utility_load_partition_table
                0x40100574      0x16c /mnt/sdk/esp8266/RTOS_SDK/workspace/project_template/build/bootloader/bootloader_support/libbootloader_support.a(bootloader_utility.o)
                                0x180 (size before relaxing)
                0x40100574                bootloader_utility_load_partition_table
 .text.bootloader_utility_get_selected_boot_partition
                0x401006e0      0x147 /mnt/sdk/esp8266/RTOS_SDK/workspace/project_template/build/bootloader/bootloader_support/libbootloader_support.a(bootloader_utility.o)
                                0x157 (size before relaxing)
                0x401006e0                bootloader_utility_get_selected_boot_partition
 *fill*         0x40100827        0x1 
 .text.bootloader_utility_load_boot_image
                0x40100828       0xd5 /mnt/sdk/esp8266/RTOS_SDK/workspace/project_template/build/bootloader/bootloader_support/libbootloader_support.a(bootloader_utility.o)
                                 0xf9 (size before relaxing)
                0x40100828                bootloader_utility_load_boot_image
 *fill*         0x401008fd        0x3 
 .text.bootloader_utility_load_image
                0x40100900       0x69 /mnt/sdk/esp8266/RTOS_SDK/workspace/project_template/build/bootloader/bootloader_support/libbootloader_support.a(bootloader_utility.o)
                0x40100900                bootloader_utility_load_image
 *fill*         0x40100969        0x3 
 .text.bootloader_flash_read_no_decrypt
                0x4010096c       0x15 /mnt/sdk/esp8266/RTOS_SDK/workspace/project_template/build/bootloader/bootloader_support/libbootloader_support.a(bootloader_flash.o)
 *fill*         0x40100981        0x3 
 .text.bootloader_mmap
                0x40100984       0x63 /mnt/sdk/esp8266/RTOS_SDK/workspace/project_template/build/bootloader/bootloader_support/libbootloader_support.a(bootloader_flash.o)
                                 0x67 (size before relaxing)
                0x40100984                bootloader_mmap
 *fill*         0x401009e7        0x1 
 .text.bootloader_munmap
                0x401009e8       0x23 /mnt/sdk/esp8266/RTOS_SDK/workspace/project_template/build/bootloader/bootloader_support/libbootloader_support.a(bootloader_flash.o)
                0x401009e8                bootloader_munmap
 *fill*         0x40100a0b        0x1 
 .text.bootloader_flash_read
                0x40100a0c       0x68 /mnt/sdk/esp8266/RTOS_SDK/workspace/project_template/build/bootloader/bootloader_support/libbootloader_support.a(bootloader_flash.o)
                0x40100a0c                bootloader_flash_read
 .text.bootloader_common_ota_select_crc
                0x40100a74       0x18 /mnt/sdk/esp8266/RTOS_SDK/workspace/project_template/build/bootloader/bootloader_support/libbootloader_support.a(bootloader_common.o)
                0x40100a74                bootloader_common_ota_select_crc
 .text.bootloader_common_ota_select_valid
                0x40100a8c       0x2c /mnt/sdk/esp8266/RTOS_SDK/workspace/project_template/build/bootloader/bootloader_support/libbootloader_support.a(bootloader_common.o)
                0x40100a8c                bootloader_common_ota_select_valid
 .text.esp_partition_table_basic_verify
                0x40100ab8       0xeb /mnt/sdk/esp8266/RTOS_SDK/workspace/project_template/build/bootloader/bootloader_support/libbootloader_support.a(flash_partitions.o)
                                 0xef (size before relaxing)
                0x40100ab8                esp_partition_table_basic_verify
 *fill*         0x40100ba3        0x1 
 .text.should_map
                0x40100ba4       0x15 /mnt/sdk/esp8266/RTOS_SDK/workspace/project_template/build/bootloader/bootloader_support/libbootloader_support.a(esp_image_format.o)
 *fill*         0x40100bb9        0x3 
 .text.should_load
                0x40100bbc       0x19 /mnt/sdk/esp8266/RTOS_SDK/workspace/project_template/build/bootloader/bootloader_support/libbootloader_support.a(esp_image_format.o)
                                 0x1d (size before relaxing)
 *fill*         0x40100bd5        0x3 
 .text.verify_image_header
                0x40100bd8       0x7d /mnt/sdk/esp8266/RTOS_SDK/workspace/project_template/build/bootloader/bootloader_support/libbootloader_support.a(esp_image_format.o)
                                 0x85 (size before relaxing)
 *fill*         0x40100c55        0x3 
 .text.process_segment_data
                0x40100c58       0x87 /mnt/sdk/esp8266/RTOS_SDK/workspace/project_template/build/bootloader/bootloader_support/libbootloader_support.a(esp_image_format.o)
                                 0x8f (size before relaxing)
 *fill*         0x40100cdf        0x1 
 .text.verify_checksum
                0x40100ce0       0x94 /mnt/sdk/esp8266/RTOS_SDK/workspace/project_template/build/bootloader/bootloader_support/libbootloader_support.a(esp_image_format.o)
                                 0x9c (size before relaxing)
 .text.process_segment
                0x40100d74      0x115 /mnt/sdk/esp8266/RTOS_SDK/workspace/project_template/build/bootloader/bootloader_support/libbootloader_support.a(esp_image_format.o)
                                0x125 (size before relaxing)
 *fill*         0x40100e89        0x3 
 .text.esp_image_load
                0x40100e8c      0x198 /mnt/sdk/esp8266/RTOS_SDK/workspace/project_template/build/bootloader/bootloader_support/libbootloader_support.a(esp_image_format.o)
                                0x1a8 (size before relaxing)
                0x40100e8c                esp_image_load
 .text.spi_user_cmd
                0x40101024       0x4f /mnt/sdk/esp8266/RTOS_SDK/workspace/project_template/build/bootloader/spi_flash/libspi_flash.a(spi_flash.o)
                0x40101024                spi_user_cmd
 *fill*         0x40101073        0x1 
 .text.special_flash_read_status
                0x40101074       0x39 /mnt/sdk/esp8266/RTOS_SDK/workspace/project_template/build/bootloader/spi_flash/libspi_flash.a(spi_flash.o)
                                 0x3d (size before relaxing)
                0x40101074                special_flash_read_status
 *fill*         0x401010ad        0x3 
 .text.flash_gd25q32c_read_status
                0x401010b0       0x33 /mnt/sdk/esp8266/RTOS_SDK/workspace/project_template/build/bootloader/spi_flash/libspi_flash.a(spi_flash.o)
 *fill*         0x401010e3        0x1 
 .text.special_flash_write_status
                0x401010e4       0x5c /mnt/sdk/esp8266/RTOS_SDK/workspace/project_template/build/bootloader/spi_flash/libspi_flash.a(spi_flash.o)
                                 0x60 (size before relaxing)
                0x401010e4                special_flash_write_status
 .text.spi_flash_enable_qio_bit6
                0x40101140       0x17 /mnt/sdk/esp8266/RTOS_SDK/workspace/project_template/build/bootloader/spi_flash/libspi_flash.a(spi_flash.o)
                                 0x1b (size before relaxing)
 *fill*         0x40101157        0x1 
 .text.flash_gd25q32c_write_status
                0x40101158       0x30 /mnt/sdk/esp8266/RTOS_SDK/workspace/project_template/build/bootloader/spi_flash/libspi_flash.a(spi_flash.o)
 .text.flash_gd25q32c_enable_QIO_mode
                0x40101188       0x3e /mnt/sdk/esp8266/RTOS_SDK/workspace/project_template/build/bootloader/spi_flash/libspi_flash.a(spi_flash.o)
                                 0x46 (size before relaxing)
 *fill*         0x401011c6        0x2 
 .text.en25q16x_read_sfdp
                0x401011c8       0x43 /mnt/sdk/esp8266/RTOS_SDK/workspace/project_template/build/bootloader/spi_flash/libspi_flash.a(spi_flash.o)
                0x401011c8                en25q16x_read_sfdp
 *fill*         0x4010120b        0x1 
 .text.spi_flash_get_id
                0x4010120c       0x26 /mnt/sdk/esp8266/RTOS_SDK/workspace/project_template/build/bootloader/spi_flash/libspi_flash.a(spi_flash.o)
                0x4010120c                spi_flash_get_id
 *fill*         0x40101232        0x2 
 .text.spi_flash_read_status
                0x40101234       0x28 /mnt/sdk/esp8266/RTOS_SDK/workspace/project_template/build/bootloader/spi_flash/libspi_flash.a(spi_flash.o)
                0x40101234                spi_flash_read_status
 .text.spi_flash_issi_enable_QIO_mode
                0x4010125c       0x43 /mnt/sdk/esp8266/RTOS_SDK/workspace/project_template/build/bootloader/spi_flash/libspi_flash.a(spi_flash.o)
                                 0x4b (size before relaxing)
 *fill*         0x4010129f        0x1 
 .text.special_flash_set_mode
                0x401012a0       0x41 /mnt/sdk/esp8266/RTOS_SDK/workspace/project_template/build/bootloader/spi_flash/libspi_flash.a(spi_flash.o)
                                 0x45 (size before relaxing)
                0x401012a0                special_flash_set_mode
 *fill*         0x401012e1        0x3 
 .text.en25q16x_write_volatile_status
                0x401012e4       0x4f /mnt/sdk/esp8266/RTOS_SDK/workspace/project_template/build/bootloader/spi_flash/libspi_flash.a(spi_flash.o)
                                 0x5b (size before relaxing)
                0x401012e4                en25q16x_write_volatile_status
 *fill*         0x40101333        0x1 
 .text.user_spi_flash_dio_to_qio_pre_init
                0x40101334       0xd1 /mnt/sdk/esp8266/RTOS_SDK/workspace/project_template/build/bootloader/spi_flash/libspi_flash.a(spi_flash.o)
                                 0xd9 (size before relaxing)
                0x40101334                user_spi_flash_dio_to_qio_pre_init
 *fill*         0x40101405        0x3 
 .text.esp_spi_flash_init
                0x40101408       0xc1 /mnt/sdk/esp8266/RTOS_SDK/workspace/project_template/build/bootloader/spi_flash/libspi_flash.a(spi_flash.o)
                                 0xc5 (size before relaxing)
                0x40101408                esp_spi_flash_init
 *fill*         0x401014c9        0x3 
 .text.Cache_Read_Disable_2
                0x401014cc       0x35 /mnt/sdk/esp8266/RTOS_SDK/workspace/project_template/build/bootloader/spi_flash/libspi_flash.a(spi_flash_raw.o)
                0x401014cc                Cache_Read_Disable_2
 *fill*         0x40101501        0x3 
 .text.Cache_Read_Enable_2
                0x40101504       0x28 /mnt/sdk/esp8266/RTOS_SDK/workspace/project_template/build/bootloader/spi_flash/libspi_flash.a(spi_flash_raw.o)
                0x40101504                Cache_Read_Enable_New
                0x40101504                Cache_Read_Enable_2
 .text.spi_flash_get_id_raw
                0x4010152c       0x57 /mnt/sdk/esp8266/RTOS_SDK/workspace/project_template/build/bootloader/spi_flash/libspi_flash.a(spi_flash_raw.o)
                0x4010152c                spi_flash_get_id_raw
 *fill*         0x40101583        0x1 
 .text.spi_flash_read_status_raw
                0x40101584       0x2f /mnt/sdk/esp8266/RTOS_SDK/workspace/project_template/build/bootloader/spi_flash/libspi_flash.a(spi_flash_raw.o)
                                 0x33 (size before relaxing)
                0x40101584                spi_flash_read_status_raw
 *fill*         0x401015b3        0x1 
 .text.spi_flash_enable_qmode_raw
                0x401015b4       0x33 /mnt/sdk/esp8266/RTOS_SDK/workspace/project_template/build/bootloader/spi_flash/libspi_flash.a(spi_flash_raw.o)
                                 0x37 (size before relaxing)
                0x401015b4                spi_flash_enable_qmode_raw
 *fill*         0x401015e7        0x1 
 .text.spi_user_cmd_raw
                0x401015e8      0x3dc /mnt/sdk/esp8266/RTOS_SDK/workspace/project_template/build/bootloader/spi_flash/libspi_flash.a(spi_flash_raw.o)
                0x401015e8                spi_user_cmd_raw
 .text.spi_flash_switch_to_qio_raw
                0x401019c4       0x25 /mnt/sdk/esp8266/RTOS_SDK/workspace/project_template/build/bootloader/spi_flash/libspi_flash.a(spi_flash_raw.o)
                0x401019c4                spi_flash_switch_to_qio_raw
 *fill*         0x401019e9        0x3 
 .text.uart_putc
                0x401019ec       0x21 /mnt/sdk/esp8266/RTOS_SDK/workspace/project_template/build/bootloader/esp8266/libesp8266.a(ets_printf.o)
 *fill*         0x40101a0d        0x3 
 .text.ets_putc
                0x40101a10       0x27 /mnt/sdk/esp8266/RTOS_SDK/workspace/project_template/build/bootloader/esp8266/libesp8266.a(ets_printf.o)
                0x40101a10                ets_putc
 *fill*         0x40101a37        0x1 
 .text.ets_vprintf
                0x40101a38       0x23 /mnt/sdk/esp8266/RTOS_SDK/workspace/project_template/build/bootloader/esp8266/libesp8266.a(ets_printf.o)
                0x40101a38                ets_vprintf
 *fill*         0x40101a5b        0x1 
 .text.ets_printf
                0x40101a5c       0x27 /mnt/sdk/esp8266/RTOS_SDK/workspace/project_template/build/bootloader/esp8266/libesp8266.a(ets_printf.o)
                                 0x2b (size before relaxing)
                0x40101a5c                ets_printf
 *fill*         0x40101a83        0x1 
 .text.crc32_le
                0x40101a84       0x2f /mnt/sdk/esp8266/RTOS_SDK/workspace/project_template/build/bootloader/util/libutil.a(crc.o)
                0x40101a84                crc32_le
 *fill*         0x40101ab3        0x1 
 .text.phy_reg_default
                0x40101ab4       0x36 /mnt/sdk/esp8266/RTOS_SDK/components/esp8266/lib/libcore.a(phy.o)
                0x40101ac4                phy_reg_default
 *fill*         0x40101aea        0x2 
 .text.uart_div_modify
                0x40101aec       0x50 /mnt/sdk/esp8266/RTOS_SDK/components/esp8266/lib/libcore.a(uart.o)
                0x40101afc                uart_div_modify
 *fill*         0x40101b3c        0x0 
 *fill*         0x40101b3c        0x0 
 *fill*         0x40101b3c        0x0 
 *fill*         0x40101b3c        0x0 
 *fill*         0x40101b3c        0x0 
 *fill*         0x40101b3c        0x0 
 *fill*         0x40101b3c        0x0 
 .text.index_to_partition
                0x40101b3c       0x4b /mnt/sdk/esp8266/RTOS_SDK/workspace/project_template/build/bootloader/bootloader_support/libbootloader_support.a(bootloader_utility.o)
 *fill*         0x40101b87        0x0 
 *fill*         0x40101b87        0x0 
 *fill*         0x40101b87        0x0 
 *fill*         0x40101b87        0x0 
 *fill*         0x40101b87        0x0 
 *fill*         0x40101b87        0x0 
 *fill*         0x40101b87        0x0 
 *fill*         0x40101b87        0x0 
 *fill*         0x40101b87        0x1 
 .text.verify_segment_header
                0x40101b88        0x4 /mnt/sdk/esp8266/RTOS_SDK/workspace/project_template/build/bootloader/bootloader_support/libbootloader_support.a(esp_image_format.o)
 *fill*         0x40101b8c        0x0 
 *fill*         0x40101b8c        0x0 
 *fill*         0x40101b8c        0x0 
 *fill*         0x40101b8c        0x0 
 *fill*         0x40101b8c        0x0 
 *fill*         0x40101b8c        0x0 
 *fill*         0x40101b8c        0x0 
 *fill*         0x40101b8c        0x0 
 *fill*         0x40101b8c        0x0 
 *fill*         0x40101b8c        0x0 
 *fill*         0x40101b8c        0x0 
 *fill*         0x40101b8c        0x0 
 *fill*         0x40101b8c        0x0 
 *fill*         0x40101b8c        0x0 
 *fill*         0x40101b8c        0x0 
 *fill*         0x40101b8c        0x0 
 *fill*         0x40101b8c        0x0 
 *fill*         0x40101b8c        0x0 
 *fill*         0x40101b8c        0x0 
 *fill*         0x40101b8c        0x0 
 *fill*         0x40101b8c        0x0 
 *fill*         0x40101b8c        0x0 
 *fill*         0x40101b8c        0x0 
 *fill*         0x40101b8c        0x0 
 *fill*         0x40101b8c        0x0 
 *fill*         0x40101b8c        0x0 
 *fill*         0x40101b8c        0x0 
 *fill*         0x40101b8c        0x0 
 *(.iram1 .iram1.*)
 .iram1.0       0x40101b8c       0x1c /mnt/sdk/esp8266/RTOS_SDK/workspace/project_template/build/bootloader/log/liblog.a(log.o)
                0x40101b8c                esp_log_early_timestamp
 .iram1.1       0x40101ba8       0x92 /mnt/sdk/esp8266/RTOS_SDK/workspace/project_template/build/bootloader/log/liblog.a(log.o)
                                 0x9d (size before relaxing)
                0x40101ba8                esp_early_log_write
 *(.fini.literal)
 *(.fini)
 *(.gnu.version)
                0x40101c3a                _text_end = ABSOLUTE (.)
                0x40101c3a                _etext = .

.bss            0x3ffe8000      0x408
                0x3ffe8000                . = ALIGN (0x8)
                0x3ffe8000                _bss_start = ABSOLUTE (.)
 *(.dynsbss)
 *(.sbss)
 *(.sbss.*)
 *(.gnu.linkonce.sb.*)
 *(.scommon)
 *(.sbss2)
 *(.sbss2.*)
 *(.gnu.linkonce.sb2.*)
 *(.dynbss)
 *(.bss)
 *(.bss.*)
 .bss.mapped    0x3ffe8000        0x1 /mnt/sdk/esp8266/RTOS_SDK/workspace/project_template/build/bootloader/bootloader_support/libbootloader_support.a(bootloader_flash.o)
 *fill*         0x3ffe8001        0x3 
 .bss.pbuf$3166
                0x3ffe8004      0x400 /mnt/sdk/esp8266/RTOS_SDK/workspace/project_template/build/bootloader/bootloader_support/libbootloader_support.a(esp_image_format.o)
 .bss.FlashIsOnGoing
                0x3ffe8404        0x1 /mnt/sdk/esp8266/RTOS_SDK/workspace/project_template/build/bootloader/spi_flash/libspi_flash.a(spi_flash.o)
                0x3ffe8404                FlashIsOnGoing
 *(.gnu.linkonce.b.*)
 *(COMMON)
                0x3ffe8408                . = ALIGN (0x8)
 *fill*         0x3ffe8405        0x3 
                0x3ffe8408                _bss_end = ABSOLUTE (.)

.data           0x3ffe8408       0x18
                0x3ffe8408                _data_start = ABSOLUTE (.)
 *(.data)
 *(.data.*)
 .data.g_rom_flashchip
                0x3ffe8408       0x18 /mnt/sdk/esp8266/RTOS_SDK/workspace/project_template/build/bootloader/spi_flash/libspi_flash.a(spi_flash.o)
                0x3ffe8408                g_rom_flashchip
 *(.gnu.linkonce.d.*)
 *(.data1)
 *(.sdata)
 *(.sdata.*)
 *(.gnu.linkonce.s.*)
 *(.sdata2)
 *(.sdata2.*)
 *(.gnu.linkonce.s2.*)
 *(.jcr)
                0x3ffe8420                _data_end = ABSOLUTE (.)

.rodata         0x3ffe8420      0xddc
                0x3ffe8420                _rodata_start = ABSOLUTE (.)
 *(.rodata)
 *(.rodata.*)
 .rodata.str1.4
                0x3ffe8420       0x24 /mnt/sdk/esp8266/RTOS_SDK/workspace/project_template/build/bootloader/main/libmain.a(bootloader_start.o)
 .rodata.str1.4
                0x3ffe8444       0xfa /mnt/sdk/esp8266/RTOS_SDK/workspace/project_template/build/bootloader/bootloader_support/libbootloader_support.a(bootloader_init.o)
                                0x106 (size before relaxing)
 *fill*         0x3ffe853e        0x2 
 .rodata.print_flash_info
                0x3ffe8540       0x28 /mnt/sdk/esp8266/RTOS_SDK/workspace/project_template/build/bootloader/bootloader_support/libbootloader_support.a(bootloader_init.o)
 .rodata.str1.4
                0x3ffe8568      0x38a /mnt/sdk/esp8266/RTOS_SDK/workspace/project_template/build/bootloader/bootloader_support/libbootloader_support.a(bootloader_utility.o)
                                0x392 (size before relaxing)
 *fill*         0x3ffe88f2        0x2 
 .rodata.str1.4
                0x3ffe88f4      0x17b /mnt/sdk/esp8266/RTOS_SDK/workspace/project_template/build/bootloader/bootloader_support/libbootloader_support.a(bootloader_flash.o)
 *fill*         0x3ffe8a6f        0x1 
 .rodata.str1.4
                0x3ffe8a70       0xb4 /mnt/sdk/esp8266/RTOS_SDK/workspace/project_template/build/bootloader/bootloader_support/libbootloader_support.a(flash_partitions.o)
 .rodata.str1.4
                0x3ffe8b24      0x26b /mnt/sdk/esp8266/RTOS_SDK/workspace/project_template/build/bootloader/bootloader_support/libbootloader_support.a(esp_image_format.o)
                                0x26f (size before relaxing)
 *fill*         0x3ffe8d8f        0x1 
 .rodata.str1.4
                0x3ffe8d90       0x2c /mnt/sdk/esp8266/RTOS_SDK/workspace/project_template/build/bootloader/spi_flash/libspi_flash.a(spi_flash.o)
 .rodata.str1.4
                0x3ffe8dbc       0x20 /mnt/sdk/esp8266/RTOS_SDK/workspace/project_template/build/bootloader/log/liblog.a(log.o)
                                 0x22 (size before relaxing)
 .rodata.s_log_prefix
                0x3ffe8ddc        0x6 /mnt/sdk/esp8266/RTOS_SDK/workspace/project_template/build/bootloader/log/liblog.a(log.o)
 *fill*         0x3ffe8de2        0x2 
 .rodata.s_log_color
                0x3ffe8de4       0x18 /mnt/sdk/esp8266/RTOS_SDK/workspace/project_template/build/bootloader/log/liblog.a(log.o)
 .rodata.crc32_le_table
                0x3ffe8dfc      0x400 /mnt/sdk/esp8266/RTOS_SDK/workspace/project_template/build/bootloader/util/libutil.a(crc.o)
 *(.gnu.linkonce.r.*)
 *(.rodata1)
                0x3ffe91fc                __XT_EXCEPTION_TABLE_ = ABSOLUTE (.)
 *(.xt_except_table)
 *(.gcc_except_table)
 *(.gnu.linkonce.e.*)
 *(.gnu.version_r)
 *(.eh_frame)
                0x3ffe91fc                . = ((. + 0x3) & 0xfffffffc)
                0x3ffe91fc                __init_array_start = ABSOLUTE (.)
 *crtbegin.o(.ctors)
 *(EXCLUDE_FILE(*crtend.o) .ctors)
 *(SORT(.ctors.*))
 *(.ctors)
                0x3ffe91fc                __init_array_end = ABSOLUTE (.)
 *crtbegin.o(.dtors)
 *(EXCLUDE_FILE(*crtend.o) .dtors)
 *(SORT(.dtors.*))
 *(.dtors)
                0x3ffe91fc                __XT_EXCEPTION_DESCS_ = ABSOLUTE (.)
 *(.xt_except_desc)
 *(.gnu.linkonce.h.*)
                0x3ffe91fc                __XT_EXCEPTION_DESCS_END__ = ABSOLUTE (.)
 *(.xt_except_desc_end)
 *(.dynamic)
 *(.gnu.version_d)
                0x3ffe91fc                _rodata_end = ABSOLUTE (.)
                0x3ffe91fc                _lit4_start = ABSOLUTE (.)
 *(*.lit4)
 *(.lit4.*)
 *(.gnu.linkonce.lit4.*)
                0x3ffe91fc                _lit4_end = ABSOLUTE (.)
                0x3ffe91fc                . = ALIGN (0x4)
                0x3ffe91fc                _heap_start = ABSOLUTE (.)
                0x400040c0                PROVIDE (SPI_sector_erase, 0x400040c0)
                0x40004174                PROVIDE (SPI_page_program, 0x40004174)
                0x400042ac                PROVIDE (SPI_read_data, 0x400042ac)
                0x400043c8                PROVIDE (SPI_read_status, 0x400043c8)
                0x40004400                PROVIDE (SPI_write_status, 0x40004400)
                0x4000443c                PROVIDE (SPI_write_enable, 0x4000443c)
                0x4000448c                PROVIDE (Wait_SPI_Idle, 0x4000448c)
                0x400044c0                PROVIDE (Enable_QMode, 0x400044c0)
                [!provide]                PROVIDE (Disable_QMode, 0x40004508)
                0x40004678                PROVIDE (Cache_Read_Enable, 0x40004678)
                0x400047f0                PROVIDE (Cache_Read_Disable, 0x400047f0)
                [!provide]                PROVIDE (lldesc_build_chain, 0x40004f40)
                [!provide]                PROVIDE (lldesc_num2link, 0x40005050)
                [!provide]                PROVIDE (lldesc_set_owner, 0x4000507c)
                [!provide]                PROVIDE (__adddf3, 0x4000c538)
                [!provide]                PROVIDE (__addsf3, 0x4000c180)
                [!provide]                PROVIDE (__divdf3, 0x4000cb94)
                [!provide]                PROVIDE (__divdi3, 0x4000ce60)
                [!provide]                PROVIDE (__divsi3, 0x4000dc88)
                [!provide]                PROVIDE (__extendsfdf2, 0x4000cdfc)
                [!provide]                PROVIDE (__fixdfsi, 0x4000ccb8)
                [!provide]                PROVIDE (__fixunsdfsi, 0x4000cd00)
                [!provide]                PROVIDE (__fixunssfsi, 0x4000c4c4)
                [!provide]                PROVIDE (__floatsidf, 0x4000e2f0)
                [!provide]                PROVIDE (__floatsisf, 0x4000e2ac)
                [!provide]                PROVIDE (__floatunsidf, 0x4000e2e8)
                [!provide]                PROVIDE (__floatunsisf, 0x4000e2a4)
                [!provide]                PROVIDE (__muldf3, 0x4000c8f0)
                [!provide]                PROVIDE (__muldi3, 0x40000650)
                [!provide]                PROVIDE (__mulsf3, 0x4000c3dc)
                [!provide]                PROVIDE (__subdf3, 0x4000c688)
                [!provide]                PROVIDE (__subsf3, 0x4000c268)
                [!provide]                PROVIDE (__truncdfsf2, 0x4000cd5c)
                [!provide]                PROVIDE (__udivdi3, 0x4000d310)
                0x4000e21c                PROVIDE (__udivsi3, 0x4000e21c)
                [!provide]                PROVIDE (__umoddi3, 0x4000d770)
                0x4000e268                PROVIDE (__umodsi3, 0x4000e268)
                [!provide]                PROVIDE (__umulsidi3, 0x4000dcf0)
                [!provide]                PROVIDE (bzero, 0x4000de84)
                [!provide]                PROVIDE (memcmp, 0x4000dea8)
                0x4000df48                PROVIDE (memcpy, 0x4000df48)
                [!provide]                PROVIDE (memmove, 0x4000e04c)
                0x4000e190                PROVIDE (memset, 0x4000e190)
                [!provide]                PROVIDE (strcmp, 0x4000bdc8)
                [!provide]                PROVIDE (strcpy, 0x4000bec8)
                [!provide]                PROVIDE (strlen, 0x4000bf4c)
                [!provide]                PROVIDE (strncmp, 0x4000bfa8)
                [!provide]                PROVIDE (strncpy, 0x4000c0a0)
                [!provide]                PROVIDE (strstr, 0x4000e1e0)
                0x40004cf0                PROVIDE (gpio_input_get, 0x40004cf0)
                [!provide]                PROVIDE (gpio_pin_wakeup_disable, 0x40004ed4)
                [!provide]                PROVIDE (gpio_pin_wakeup_enable, 0x40004e90)
                0x40001f00                PROVIDE (ets_io_vprintf, 0x40001f00)
                [!provide]                PROVIDE (uart_rx_one_char, 0x40003b8c)
                [!provide]                PROVIDE (rom_i2c_readReg, 0x40007268)
                [!provide]                PROVIDE (rom_i2c_readReg_Mask, 0x4000729c)
                [!provide]                PROVIDE (rom_i2c_writeReg, 0x400072d8)
                [!provide]                PROVIDE (rom_i2c_writeReg_Mask, 0x4000730c)
                [!provide]                PROVIDE (ets_memcpy, 0x400018b4)
                0x40004b1c                PROVIDE (SPIRead, 0x40004b1c)
                0x40004a4c                PROVIDE (SPIWrite, 0x40004a4c)
                0x40004a00                PROVIDE (SPIEraseSector, 0x40004a00)
                [!provide]                PROVIDE (gpio_input_get, 0x40004cf0)
                0x4000dd38                PROVIDE (xthal_get_ccount, 0x4000dd38)
                [!provide]                PROVIDE (uart_div_modify, 0x400039d8)
                [!provide]                PROVIDE (ets_io_vprintf, 0x40001f00)
OUTPUT(/mnt/sdk/esp8266/RTOS_SDK/workspace/project_template/build/bootloader/bootloader.elf elf32-xtensa-le)

.debug_frame    0x00000000      0xac0
 .debug_frame   0x00000000       0x74 /mnt/sdk/esp8266/RTOS_SDK/workspace/project_template/build/bootloader/main/libmain.a(bootloader_start.o)
 .debug_frame   0x00000074       0xb0 /mnt/sdk/esp8266/RTOS_SDK/workspace/project_template/build/bootloader/bootloader_support/libbootloader_support.a(bootloader_init.o)
 .debug_frame   0x00000124      0x100 /mnt/sdk/esp8266/RTOS_SDK/workspace/project_template/build/bootloader/bootloader_support/libbootloader_support.a(bootloader_utility.o)
 .debug_frame   0x00000224       0xd8 /mnt/sdk/esp8266/RTOS_SDK/workspace/project_template/build/bootloader/bootloader_support/libbootloader_support.a(bootloader_flash.o)
 .debug_frame   0x000002fc       0x78 /mnt/sdk/esp8266/RTOS_SDK/workspace/project_template/build/bootloader/bootloader_support/libbootloader_support.a(bootloader_common.o)
 .debug_frame   0x00000374       0x38 /mnt/sdk/esp8266/RTOS_SDK/workspace/project_template/build/bootloader/bootloader_support/libbootloader_support.a(flash_partitions.o)
 .debug_frame   0x000003ac      0x13c /mnt/sdk/esp8266/RTOS_SDK/workspace/project_template/build/bootloader/bootloader_support/libbootloader_support.a(esp_image_format.o)
 .debug_frame   0x000004e8      0x354 /mnt/sdk/esp8266/RTOS_SDK/workspace/project_template/build/bootloader/spi_flash/libspi_flash.a(spi_flash.o)
 .debug_frame   0x0000083c      0x16c /mnt/sdk/esp8266/RTOS_SDK/workspace/project_template/build/bootloader/spi_flash/libspi_flash.a(spi_flash_raw.o)
 .debug_frame   0x000009a8       0x58 /mnt/sdk/esp8266/RTOS_SDK/workspace/project_template/build/bootloader/log/liblog.a(log.o)
 .debug_frame   0x00000a00       0x80 /mnt/sdk/esp8266/RTOS_SDK/workspace/project_template/build/bootloader/esp8266/libesp8266.a(ets_printf.o)
 .debug_frame   0x00000a80       0x40 /mnt/sdk/esp8266/RTOS_SDK/workspace/project_template/build/bootloader/util/libutil.a(crc.o)

.debug_info     0x00000000     0x52f4
 .debug_info    0x00000000      0x4fc /mnt/sdk/esp8266/RTOS_SDK/workspace/project_template/build/bootloader/main/libmain.a(bootloader_start.o)
 .debug_info    0x000004fc      0x52b /mnt/sdk/esp8266/RTOS_SDK/workspace/project_template/build/bootloader/bootloader_support/libbootloader_support.a(bootloader_init.o)
 .debug_info    0x00000a27      0xd3c /mnt/sdk/esp8266/RTOS_SDK/workspace/project_template/build/bootloader/bootloader_support/libbootloader_support.a(bootloader_utility.o)
 .debug_info    0x00001763      0x575 /mnt/sdk/esp8266/RTOS_SDK/workspace/project_template/build/bootloader/bootloader_support/libbootloader_support.a(bootloader_flash.o)
 .debug_info    0x00001cd8      0x325 /mnt/sdk/esp8266/RTOS_SDK/workspace/project_template/build/bootloader/bootloader_support/libbootloader_support.a(bootloader_common.o)
 .debug_info    0x00001ffd      0x3cd /mnt/sdk/esp8266/RTOS_SDK/workspace/project_template/build/bootloader/bootloader_support/libbootloader_support.a(flash_partitions.o)
 .debug_info    0x000023ca      0xce5 /mnt/sdk/esp8266/RTOS_SDK/workspace/project_template/build/bootloader/bootloader_support/libbootloader_support.a(esp_image_format.o)
 .debug_info    0x000030af     0x13c2 /mnt/sdk/esp8266/RTOS_SDK/workspace/project_template/build/bootloader/spi_flash/libspi_flash.a(spi_flash.o)
 .debug_info    0x00004471      0x79d /mnt/sdk/esp8266/RTOS_SDK/workspace/project_template/build/bootloader/spi_flash/libspi_flash.a(spi_flash_raw.o)
 .debug_info    0x00004c0e      0x2c7 /mnt/sdk/esp8266/RTOS_SDK/workspace/project_template/build/bootloader/log/liblog.a(log.o)
 .debug_info    0x00004ed5      0x239 /mnt/sdk/esp8266/RTOS_SDK/workspace/project_template/build/bootloader/esp8266/libesp8266.a(ets_printf.o)
 .debug_info    0x0000510e      0x1e6 /mnt/sdk/esp8266/RTOS_SDK/workspace/project_template/build/bootloader/util/libutil.a(crc.o)

.debug_abbrev   0x00000000     0x15fd
 .debug_abbrev  0x00000000      0x1dc /mnt/sdk/esp8266/RTOS_SDK/workspace/project_template/build/bootloader/main/libmain.a(bootloader_start.o)
 .debug_abbrev  0x000001dc      0x1e4 /mnt/sdk/esp8266/RTOS_SDK/workspace/project_template/build/bootloader/bootloader_support/libbootloader_support.a(bootloader_init.o)
 .debug_abbrev  0x000003c0      0x279 /mnt/sdk/esp8266/RTOS_SDK/workspace/project_template/build/bootloader/bootloader_support/libbootloader_support.a(bootloader_utility.o)
 .debug_abbrev  0x00000639      0x1d2 /mnt/sdk/esp8266/RTOS_SDK/workspace/project_template/build/bootloader/bootloader_support/libbootloader_support.a(bootloader_flash.o)
 .debug_abbrev  0x0000080b      0x1b4 /mnt/sdk/esp8266/RTOS_SDK/workspace/project_template/build/bootloader/bootloader_support/libbootloader_support.a(bootloader_common.o)
 .debug_abbrev  0x000009bf      0x18a /mnt/sdk/esp8266/RTOS_SDK/workspace/project_template/build/bootloader/bootloader_support/libbootloader_support.a(flash_partitions.o)
 .debug_abbrev  0x00000b49      0x20b /mnt/sdk/esp8266/RTOS_SDK/workspace/project_template/build/bootloader/bootloader_support/libbootloader_support.a(esp_image_format.o)
 .debug_abbrev  0x00000d54      0x33a /mnt/sdk/esp8266/RTOS_SDK/workspace/project_template/build/bootloader/spi_flash/libspi_flash.a(spi_flash.o)
 .debug_abbrev  0x0000108e      0x1bb /mnt/sdk/esp8266/RTOS_SDK/workspace/project_template/build/bootloader/spi_flash/libspi_flash.a(spi_flash_raw.o)
 .debug_abbrev  0x00001249      0x198 /mnt/sdk/esp8266/RTOS_SDK/workspace/project_template/build/bootloader/log/liblog.a(log.o)
 .debug_abbrev  0x000013e1      0x16d /mnt/sdk/esp8266/RTOS_SDK/workspace/project_template/build/bootloader/esp8266/libesp8266.a(ets_printf.o)
 .debug_abbrev  0x0000154e       0xaf /mnt/sdk/esp8266/RTOS_SDK/workspace/project_template/build/bootloader/util/libutil.a(crc.o)

.debug_loc      0x00000000     0x31d5
 .debug_loc     0x00000000       0x76 /mnt/sdk/esp8266/RTOS_SDK/workspace/project_template/build/bootloader/main/libmain.a(bootloader_start.o)
 .debug_loc     0x00000076      0x101 /mnt/sdk/esp8266/RTOS_SDK/workspace/project_template/build/bootloader/bootloader_support/libbootloader_support.a(bootloader_init.o)
 .debug_loc     0x00000177      0x58e /mnt/sdk/esp8266/RTOS_SDK/workspace/project_template/build/bootloader/bootloader_support/libbootloader_support.a(bootloader_utility.o)
 .debug_loc     0x00000705      0x367 /mnt/sdk/esp8266/RTOS_SDK/workspace/project_template/build/bootloader/bootloader_support/libbootloader_support.a(bootloader_flash.o)
 .debug_loc     0x00000a6c      0x3a1 /mnt/sdk/esp8266/RTOS_SDK/workspace/project_template/build/bootloader/bootloader_support/libbootloader_support.a(bootloader_common.o)
 .debug_loc     0x00000e0d      0x107 /mnt/sdk/esp8266/RTOS_SDK/workspace/project_template/build/bootloader/bootloader_support/libbootloader_support.a(flash_partitions.o)
 .debug_loc     0x00000f14      0xa64 /mnt/sdk/esp8266/RTOS_SDK/workspace/project_template/build/bootloader/bootloader_support/libbootloader_support.a(esp_image_format.o)
 .debug_loc     0x00001978     0x1021 /mnt/sdk/esp8266/RTOS_SDK/workspace/project_template/build/bootloader/spi_flash/libspi_flash.a(spi_flash.o)
 .debug_loc     0x00002999      0x587 /mnt/sdk/esp8266/RTOS_SDK/workspace/project_template/build/bootloader/spi_flash/libspi_flash.a(spi_flash_raw.o)
 .debug_loc     0x00002f20       0xce /mnt/sdk/esp8266/RTOS_SDK/workspace/project_template/build/bootloader/log/liblog.a(log.o)
 .debug_loc     0x00002fee       0x89 /mnt/sdk/esp8266/RTOS_SDK/workspace/project_template/build/bootloader/esp8266/libesp8266.a(ets_printf.o)
 .debug_loc     0x00003077      0x15e /mnt/sdk/esp8266/RTOS_SDK/workspace/project_template/build/bootloader/util/libutil.a(crc.o)

.debug_aranges  0x00000000      0x3a0
 .debug_aranges
                0x00000000       0x30 /mnt/sdk/esp8266/RTOS_SDK/workspace/project_template/build/bootloader/main/libmain.a(bootloader_start.o)
 .debug_aranges
                0x00000030       0x40 /mnt/sdk/esp8266/RTOS_SDK/workspace/project_template/build/bootloader/bootloader_support/libbootloader_support.a(bootloader_init.o)
 .debug_aranges
                0x00000070       0x50 /mnt/sdk/esp8266/RTOS_SDK/workspace/project_template/build/bootloader/bootloader_support/libbootloader_support.a(bootloader_utility.o)
 .debug_aranges
                0x000000c0       0x48 /mnt/sdk/esp8266/RTOS_SDK/workspace/project_template/build/bootloader/bootloader_support/libbootloader_support.a(bootloader_flash.o)
 .debug_aranges
                0x00000108       0x30 /mnt/sdk/esp8266/RTOS_SDK/workspace/project_template/build/bootloader/bootloader_support/libbootloader_support.a(bootloader_common.o)
 .debug_aranges
                0x00000138       0x20 /mnt/sdk/esp8266/RTOS_SDK/workspace/project_template/build/bootloader/bootloader_support/libbootloader_support.a(flash_partitions.o)
 .debug_aranges
                0x00000158       0x60 /mnt/sdk/esp8266/RTOS_SDK/workspace/project_template/build/bootloader/bootloader_support/libbootloader_support.a(esp_image_format.o)
 .debug_aranges
                0x000001b8       0xe8 /mnt/sdk/esp8266/RTOS_SDK/workspace/project_template/build/bootloader/spi_flash/libspi_flash.a(spi_flash.o)
 .debug_aranges
                0x000002a0       0x70 /mnt/sdk/esp8266/RTOS_SDK/workspace/project_template/build/bootloader/spi_flash/libspi_flash.a(spi_flash_raw.o)
 .debug_aranges
                0x00000310       0x28 /mnt/sdk/esp8266/RTOS_SDK/workspace/project_template/build/bootloader/log/liblog.a(log.o)
 .debug_aranges
                0x00000338       0x38 /mnt/sdk/esp8266/RTOS_SDK/workspace/project_template/build/bootloader/esp8266/libesp8266.a(ets_printf.o)
 .debug_aranges
                0x00000370       0x30 /mnt/sdk/esp8266/RTOS_SDK/workspace/project_template/build/bootloader/util/libutil.a(crc.o)

.debug_ranges   0x00000000      0x408
 .debug_ranges  0x00000000       0x20 /mnt/sdk/esp8266/RTOS_SDK/workspace/project_template/build/bootloader/main/libmain.a(bootloader_start.o)
 .debug_ranges  0x00000020       0x30 /mnt/sdk/esp8266/RTOS_SDK/workspace/project_template/build/bootloader/bootloader_support/libbootloader_support.a(bootloader_init.o)
 .debug_ranges  0x00000050       0x58 /mnt/sdk/esp8266/RTOS_SDK/workspace/project_template/build/bootloader/bootloader_support/libbootloader_support.a(bootloader_utility.o)
 .debug_ranges  0x000000a8       0x38 /mnt/sdk/esp8266/RTOS_SDK/workspace/project_template/build/bootloader/bootloader_support/libbootloader_support.a(bootloader_flash.o)
 .debug_ranges  0x000000e0       0x20 /mnt/sdk/esp8266/RTOS_SDK/workspace/project_template/build/bootloader/bootloader_support/libbootloader_support.a(bootloader_common.o)
 .debug_ranges  0x00000100       0x40 /mnt/sdk/esp8266/RTOS_SDK/workspace/project_template/build/bootloader/bootloader_support/libbootloader_support.a(flash_partitions.o)
 .debug_ranges  0x00000140       0x80 /mnt/sdk/esp8266/RTOS_SDK/workspace/project_template/build/bootloader/bootloader_support/libbootloader_support.a(esp_image_format.o)
 .debug_ranges  0x000001c0      0x188 /mnt/sdk/esp8266/RTOS_SDK/workspace/project_template/build/bootloader/spi_flash/libspi_flash.a(spi_flash.o)
 .debug_ranges  0x00000348       0x60 /mnt/sdk/esp8266/RTOS_SDK/workspace/project_template/build/bootloader/spi_flash/libspi_flash.a(spi_flash_raw.o)
 .debug_ranges  0x000003a8       0x18 /mnt/sdk/esp8266/RTOS_SDK/workspace/project_template/build/bootloader/log/liblog.a(log.o)
 .debug_ranges  0x000003c0       0x28 /mnt/sdk/esp8266/RTOS_SDK/workspace/project_template/build/bootloader/esp8266/libesp8266.a(ets_printf.o)
 .debug_ranges  0x000003e8       0x20 /mnt/sdk/esp8266/RTOS_SDK/workspace/project_template/build/bootloader/util/libutil.a(crc.o)

.debug_line     0x00000000     0x370d
 .debug_line    0x00000000      0x30d /mnt/sdk/esp8266/RTOS_SDK/workspace/project_template/build/bootloader/main/libmain.a(bootloader_start.o)
 .debug_line    0x0000030d      0x45a /mnt/sdk/esp8266/RTOS_SDK/workspace/project_template/build/bootloader/bootloader_support/libbootloader_support.a(bootloader_init.o)
 .debug_line    0x00000767      0x751 /mnt/sdk/esp8266/RTOS_SDK/workspace/project_template/build/bootloader/bootloader_support/libbootloader_support.a(bootloader_utility.o)
 .debug_line    0x00000eb8      0x337 /mnt/sdk/esp8266/RTOS_SDK/workspace/project_template/build/bootloader/bootloader_support/libbootloader_support.a(bootloader_flash.o)
 .debug_line    0x000011ef      0x2e0 /mnt/sdk/esp8266/RTOS_SDK/workspace/project_template/build/bootloader/bootloader_support/libbootloader_support.a(bootloader_common.o)
 .debug_line    0x000014cf      0x2b6 /mnt/sdk/esp8266/RTOS_SDK/workspace/project_template/build/bootloader/bootloader_support/libbootloader_support.a(flash_partitions.o)
 .debug_line    0x00001785      0x6f2 /mnt/sdk/esp8266/RTOS_SDK/workspace/project_template/build/bootloader/bootloader_support/libbootloader_support.a(esp_image_format.o)
 .debug_line    0x00001e77      0xc5e /mnt/sdk/esp8266/RTOS_SDK/workspace/project_template/build/bootloader/spi_flash/libspi_flash.a(spi_flash.o)
 .debug_line    0x00002ad5      0x5fd /mnt/sdk/esp8266/RTOS_SDK/workspace/project_template/build/bootloader/spi_flash/libspi_flash.a(spi_flash_raw.o)
 .debug_line    0x000030d2      0x2b4 /mnt/sdk/esp8266/RTOS_SDK/workspace/project_template/build/bootloader/log/liblog.a(log.o)
 .debug_line    0x00003386      0x1ff /mnt/sdk/esp8266/RTOS_SDK/workspace/project_template/build/bootloader/esp8266/libesp8266.a(ets_printf.o)
 .debug_line    0x00003585      0x188 /mnt/sdk/esp8266/RTOS_SDK/workspace/project_template/build/bootloader/util/libutil.a(crc.o)

.debug_str      0x00000000     0x1779
 .debug_str     0x00000000      0x465 /mnt/sdk/esp8266/RTOS_SDK/workspace/project_template/build/bootloader/main/libmain.a(bootloader_start.o)
                                0x4dd (size before relaxing)
 .debug_str     0x00000465      0x312 /mnt/sdk/esp8266/RTOS_SDK/workspace/project_template/build/bootloader/bootloader_support/libbootloader_support.a(bootloader_init.o)
                                0x59c (size before relaxing)
 .debug_str     0x00000777      0x245 /mnt/sdk/esp8266/RTOS_SDK/workspace/project_template/build/bootloader/bootloader_support/libbootloader_support.a(bootloader_utility.o)
                                0x6d6 (size before relaxing)
 .debug_str     0x000009bc      0x15f /mnt/sdk/esp8266/RTOS_SDK/workspace/project_template/build/bootloader/bootloader_support/libbootloader_support.a(bootloader_flash.o)
                                0x3e4 (size before relaxing)
 .debug_str     0x00000b1b      0x160 /mnt/sdk/esp8266/RTOS_SDK/workspace/project_template/build/bootloader/bootloader_support/libbootloader_support.a(bootloader_common.o)
                                0x37a (size before relaxing)
 .debug_str     0x00000c7b       0xd8 /mnt/sdk/esp8266/RTOS_SDK/workspace/project_template/build/bootloader/bootloader_support/libbootloader_support.a(flash_partitions.o)
                                0x398 (size before relaxing)
 .debug_str     0x00000d53      0x1a6 /mnt/sdk/esp8266/RTOS_SDK/workspace/project_template/build/bootloader/bootloader_support/libbootloader_support.a(esp_image_format.o)
                                0x76b (size before relaxing)
 .debug_str     0x00000ef9      0x53b /mnt/sdk/esp8266/RTOS_SDK/workspace/project_template/build/bootloader/spi_flash/libspi_flash.a(spi_flash.o)
                                0x901 (size before relaxing)
 .debug_str     0x00001434      0x121 /mnt/sdk/esp8266/RTOS_SDK/workspace/project_template/build/bootloader/spi_flash/libspi_flash.a(spi_flash_raw.o)
                                0x4a6 (size before relaxing)
 .debug_str     0x00001555       0xf8 /mnt/sdk/esp8266/RTOS_SDK/workspace/project_template/build/bootloader/log/liblog.a(log.o)
                                0x2b6 (size before relaxing)
 .debug_str     0x0000164d       0xba /mnt/sdk/esp8266/RTOS_SDK/workspace/project_template/build/bootloader/esp8266/libesp8266.a(ets_printf.o)
                                0x219 (size before relaxing)
 .debug_str     0x00001707       0x72 /mnt/sdk/esp8266/RTOS_SDK/workspace/project_template/build/bootloader/util/libutil.a(crc.o)
                                0x174 (size before relaxing)

.comment        0x00000000       0x74
 .comment       0x00000000       0x3a /mnt/sdk/esp8266/RTOS_SDK/workspace/project_template/build/bootloader/main/libmain.a(bootloader_start.o)
                                 0x3b (size before relaxing)
 .comment       0x0000003a       0x3b /mnt/sdk/esp8266/RTOS_SDK/workspace/project_template/build/bootloader/bootloader_support/libbootloader_support.a(bootloader_init.o)
 .comment       0x0000003a       0x3b /mnt/sdk/esp8266/RTOS_SDK/workspace/project_template/build/bootloader/bootloader_support/libbootloader_support.a(bootloader_utility.o)
 .comment       0x0000003a       0x3b /mnt/sdk/esp8266/RTOS_SDK/workspace/project_template/build/bootloader/bootloader_support/libbootloader_support.a(bootloader_flash.o)
 .comment       0x0000003a       0x3b /mnt/sdk/esp8266/RTOS_SDK/workspace/project_template/build/bootloader/bootloader_support/libbootloader_support.a(bootloader_common.o)
 .comment       0x0000003a       0x3b /mnt/sdk/esp8266/RTOS_SDK/workspace/project_template/build/bootloader/bootloader_support/libbootloader_support.a(flash_partitions.o)
 .comment       0x0000003a       0x3b /mnt/sdk/esp8266/RTOS_SDK/workspace/project_template/build/bootloader/bootloader_support/libbootloader_support.a(esp_image_format.o)
 .comment       0x0000003a       0x3b /mnt/sdk/esp8266/RTOS_SDK/workspace/project_template/build/bootloader/spi_flash/libspi_flash.a(spi_flash.o)
 .comment       0x0000003a       0x3b /mnt/sdk/esp8266/RTOS_SDK/workspace/project_template/build/bootloader/spi_flash/libspi_flash.a(spi_flash_raw.o)
 .comment       0x0000003a       0x3b /mnt/sdk/esp8266/RTOS_SDK/workspace/project_template/build/bootloader/log/liblog.a(log.o)
 .comment       0x0000003a       0x3b /mnt/sdk/esp8266/RTOS_SDK/workspace/project_template/build/bootloader/esp8266/libesp8266.a(ets_printf.o)
 .comment       0x0000003a       0x3b /mnt/sdk/esp8266/RTOS_SDK/workspace/project_template/build/bootloader/util/libutil.a(crc.o)
 .comment       0x0000003a       0x3a /mnt/sdk/esp8266/RTOS_SDK/components/esp8266/lib/libcore.a(phy.o)
                                 0x3b (size before relaxing)
 .comment       0x00000074       0x3b /mnt/sdk/esp8266/RTOS_SDK/components/esp8266/lib/libcore.a(uart.o)

.xtensa.info    0x00000000       0x38
 .xtensa.info   0x00000000       0x38 /mnt/sdk/esp8266/RTOS_SDK/workspace/project_template/build/bootloader/main/libmain.a(bootloader_start.o)
 .xtensa.info   0x00000038        0x0 /mnt/sdk/esp8266/RTOS_SDK/workspace/project_template/build/bootloader/bootloader_support/libbootloader_support.a(bootloader_init.o)
 .xtensa.info   0x00000038        0x0 /mnt/sdk/esp8266/RTOS_SDK/workspace/project_template/build/bootloader/bootloader_support/libbootloader_support.a(bootloader_utility.o)
 .xtensa.info   0x00000038        0x0 /mnt/sdk/esp8266/RTOS_SDK/workspace/project_template/build/bootloader/bootloader_support/libbootloader_support.a(bootloader_flash.o)
 .xtensa.info   0x00000038        0x0 /mnt/sdk/esp8266/RTOS_SDK/workspace/project_template/build/bootloader/bootloader_support/libbootloader_support.a(bootloader_common.o)
 .xtensa.info   0x00000038        0x0 /mnt/sdk/esp8266/RTOS_SDK/workspace/project_template/build/bootloader/bootloader_support/libbootloader_support.a(flash_partitions.o)
 .xtensa.info   0x00000038        0x0 /mnt/sdk/esp8266/RTOS_SDK/workspace/project_template/build/bootloader/bootloader_support/libbootloader_support.a(esp_image_format.o)
 .xtensa.info   0x00000038        0x0 /mnt/sdk/esp8266/RTOS_SDK/workspace/project_template/build/bootloader/spi_flash/libspi_flash.a(spi_flash.o)
 .xtensa.info   0x00000038        0x0 /mnt/sdk/esp8266/RTOS_SDK/workspace/project_template/build/bootloader/spi_flash/libspi_flash.a(spi_flash_raw.o)
 .xtensa.info   0x00000038        0x0 /mnt/sdk/esp8266/RTOS_SDK/workspace/project_template/build/bootloader/log/liblog.a(log.o)
 .xtensa.info   0x00000038        0x0 /mnt/sdk/esp8266/RTOS_SDK/workspace/project_template/build/bootloader/esp8266/libesp8266.a(ets_printf.o)
 .xtensa.info   0x00000038        0x0 /mnt/sdk/esp8266/RTOS_SDK/workspace/project_template/build/bootloader/util/libutil.a(crc.o)
 .xtensa.info   0x00000038        0x0 /mnt/sdk/esp8266/RTOS_SDK/components/esp8266/lib/libcore.a(phy.o)
 .xtensa.info   0x00000038        0x0 /mnt/sdk/esp8266/RTOS_SDK/components/esp8266/lib/libcore.a(uart.o)
